<html>
<body>
<pre>
<h1>µVision Build Log</h1>
<h2>Project:</h2>
D:\KeilProject\P5\UART.uvproj
Project File Date:  10/29/2019

<h2>Output:</h2>
Rebuild target 'UART'
assembling startup.s...
compiling PLL.c...
compiling UART.c...
compiling main.c...
compiling ADCSWTrigger.c...
linking...
Program Size: Code=4116 RO-data=32 RW-data=12 ZI-data=1124  
".\UART.axf" - 0 Error(s), 0 Warning(s).
Load "D:\\KeilProject\\P5\\UART.axf" 
Connecting: Mode=JTAG, Speed=1000000Hz
Erase Done.
Programming Done.
Verify OK.
</pre>
</body>
</html>
Error(s), 1 Warning(s).
Load "D:\\KeilProject\\P5\\UART.axf" 
Connecting: Mode=JTAG, Speed=1000000Hz
Erase Done.
Programming Done.
Verify OK.
Load "D:\\KeilProject\\P5\\UART.axf" 
Connecting: Mode=JTAG, Speed=1000000Hz
Erase Done.
Programming Done.
Verify OK.
Load "D:\\KeilProject\\P5\\UART.axf" 
Connecting: Mode=JTAG, Speed=1000000Hz
Erase Done.
Programming Done.
Verify OK.
